#-----------------------------------------------------------
# Vivado v2024.1 (64-bit)
# SW Build 5076996 on Wed May 22 18:36:09 MDT 2024
# IP Build 5075265 on Wed May 22 21:45:21 MDT 2024
# SharedData Build 5076995 on Wed May 22 18:29:18 MDT 2024
# Start of session at: Wed Nov 20 09:18:40 2024
# Process ID: 141476
# Current directory: /home/noah/Projects/ECE-4310_Lab-10/ECE-4310_Lab-10.runs/synth_1
# Command line: vivado -log mcs_top_sampler.vds -product Vivado -mode batch -messageDb vivado.pb -notrace -source mcs_top_sampler.tcl
# Log file: /home/noah/Projects/ECE-4310_Lab-10/ECE-4310_Lab-10.runs/synth_1/mcs_top_sampler.vds
# Journal file: /home/noah/Projects/ECE-4310_Lab-10/ECE-4310_Lab-10.runs/synth_1/vivado.jou
# Running On        :bazaar
# Platform          :Ubuntu
# Operating System  :Ubuntu 22.04.5 LTS
# Processor Detail  :AMD Ryzen 7 3800X 8-Core Processor
# CPU Frequency     :1989.787 MHz
# CPU Physical cores:8
# CPU Logical cores :16
# Host memory       :50391 MB
# Swap memory       :2051 MB
# Total Virtual     :52442 MB
# Available Virtual :11445 MB
#-----------------------------------------------------------
source mcs_top_sampler.tcl -notrace
